[INFO] Scanning for projects...
[INFO] 
[INFO] -----------------------< ai.pustakalay:backend >------------------------
[INFO] Building pustakalay-backend 0.0.1-SNAPSHOT
[INFO]   from pom.xml
[INFO] --------------------------------[ jar ]---------------------------------
[INFO] 
[INFO] --- resources:3.3.1:resources (default-resources) @ backend ---
[INFO] Copying 1 resource from src\main\resources to target\classes
[INFO] Copying 0 resource from src\main\resources to target\classes
[INFO] 
[INFO] --- compiler:3.13.0:compile (default-compile) @ backend ---
[INFO] Recompiling the module because of changed source code.
[INFO] Compiling 38 source files with javac [debug parameters release 17] to target\classes
[INFO] -------------------------------------------------------------
[ERROR] COMPILATION ERROR : 
[INFO] -------------------------------------------------------------
[ERROR] /D:/AI-Dev/Pustakalay.ai/backend/src/main/java/ai/pustakalay/backend/books/service/BookService.java:[137,6] cannot find symbol
  symbol:   class Getter
  location: class ai.pustakalay.backend.books.service.BookService
[ERROR] /D:/AI-Dev/Pustakalay.ai/backend/src/main/java/ai/pustakalay/backend/books/service/BookService.java:[143,6] cannot find symbol
  symbol:   class Getter
  location: class ai.pustakalay.backend.books.service.BookService
[INFO] 2 errors 
[INFO] -------------------------------------------------------------
[INFO] ------------------------------------------------------------------------
[INFO] BUILD FAILURE
[INFO] ------------------------------------------------------------------------
[INFO] Total time:  6.120 s
[INFO] Finished at: 2026-07-21T00:30:42+05:30
[INFO] ------------------------------------------------------------------------
[ERROR] Failed to execute goal org.apache.maven.plugins:maven-compiler-plugin:3.13.0:compile (default-compile) on project backend: Compilation failure: Compilation failure: 
[ERROR] /D:/AI-Dev/Pustakalay.ai/backend/src/main/java/ai/pustakalay/backend/books/service/BookService.java:[137,6] cannot find symbol
[ERROR]   symbol:   class Getter
[ERROR]   location: class ai.pustakalay.backend.books.service.BookService
[ERROR] /D:/AI-Dev/Pustakalay.ai/backend/src/main/java/ai/pustakalay/backend/books/service/BookService.java:[143,6] cannot find symbol
[ERROR]   symbol:   class Getter
[ERROR]   location: class ai.pustakalay.backend.books.service.BookService
[ERROR] -> [Help 1]
[ERROR] 
[ERROR] To see the full stack trace of the errors, re-run Maven with the -e switch.
[ERROR] Re-run Maven using the -X switch to enable full debug logging.
[ERROR] 
[ERROR] For more information about the errors and possible solutions, please read the following articles:
[ERROR] [Help 1] http://cwiki.apache.org/confluence/display/MAVEN/MojoFailureException
